{'sdesc': '"Helper, header and library for libtextcat"',
 'ldesc': '"Libtextcat is a library with functions that implement the\n'
          'classification technique described in Cavnar & Trenkle, "N-Gram-Based\n'
          'Text Categorization". It was primarily developed for language\n'
          'guessing, a task on which it is known to perform with near-perfect\n'
          'accuracy.\n'
          'BSD License.\n'
          'http://software.wise-guys.nl/libtextcat/"',
 'category': 'Devel Text',
 'requires': 'libtextcat0 libtextcat',
 'external-source': 'libtextcat',
 'parse-errors': ['double-quote within double-quotes at line 7 (hint files have no escape character)']}
