{'.': [],
 'x86_64': [],
 'x86_64/release': [],
 'x86_64/release/rpm-doc': ['rpm-doc-4.1-2-src.hint',
                            'rpm-doc-4.1-2-src.tar.bz2',
                            'rpm-doc-4.1-2.hint',
                            'rpm-doc-4.1-2.tar.bz2'],
 'x86_64/release/staleversion': ['staleversion-240-1-src.hint',
                                 'staleversion-240-1-src.tar.xz',
                                 'staleversion-240-1.hint',
                                 'staleversion-240-1.tar.xz',
                                 'staleversion-242-0-src.hint',
                                 'staleversion-242-0-src.tar.xz',
                                 'staleversion-242-0.hint',
                                 'staleversion-242-0.tar.xz',
                                 'staleversion-251-0-src.hint',
                                 'staleversion-251-0-src.tar.xz',
                                 'staleversion-251-0.hint',
                                 'staleversion-251-0.tar.xz']}
