{'x86/release/testpackage': ['testpackage-1.0-1-src.hint',
                             'testpackage-1.0-1-src.tar.bz2',
                             'testpackage-1.0-1.hint',
                             'testpackage-1.0-1.tar.bz2'],
 'x86/release/testpackage/testpackage-subpackage': ['testpackage-subpackage-1.0-1.hint',
                                                    'testpackage-subpackage-1.0-1.tar.bz2'],
 'x86/release/testpackage2/testpackage2-subpackage': ['testpackage2-subpackage-1.0-1.hint',
                                                      'testpackage2-subpackage-1.0-1.tar.bz2']}
