{'testpackage': Package('testpackage', {'1.0-1': Tar('testpackage-1.0-1.tar.bz2', 'x86/release/testpackage', 'aff488008bee3486e25b539fe6ccd1397bd3c5c0ba2ee2cf34af279554baa195af7493ee51d6f8510735c9a2ea54436d776a71e768165716762aec286abbbf83', 195, False)}, {'1.0-1': {'sdesc': '"A test package"',
           'ldesc': '"A test package\n'
                    "It's description might contains some unicode junk\n"
                    'Like it’s you’re Markup Language™ Nokogiri’s tool―that '
                    'Bézier."',
           'category': 'Devel',
           'depends': 'cygwin'}}, {}, False),
 'testpackage-src': Package('testpackage', {'1.0-1': Tar('testpackage-1.0-1-src.tar.bz2', 'x86/release/testpackage', 'acfd77df3347e6432ccf29c12989964bc680a158d574f85dfa7ef222759f411006c7bd2773e37c5abdee628bea769b2da9aae213db615cd91402fd385373933d', 266, False)}, {'1.0-1': {'sdesc': '"A test package"',
           'ldesc': '"A test package\n'
                    "It's description might contains some unicode junk\n"
                    'Like it’s you’re Markup Language™ Nokogiri’s tool―that '
                    'Bézier."',
           'category': 'Devel',
           'homepage': 'http://homepage.url',
           'parse-warnings': ["key 'license' missing"],
           'depends': ''}}, {}, False),
 'testpackage-subpackage': Package('testpackage/testpackage-subpackage', {'1.0-1': Tar('testpackage-subpackage-1.0-1.tar.bz2', 'x86/release/testpackage/testpackage-subpackage', 'aff488008bee3486e25b539fe6ccd1397bd3c5c0ba2ee2cf34af279554baa195af7493ee51d6f8510735c9a2ea54436d776a71e768165716762aec286abbbf83', 195, False)}, {'1.0-1': {'sdesc': '"A test subpackage"',
           'ldesc': '"A test subpackage"',
           'category': 'Devel',
           'external-source': 'testpackage-src',
           'depends': ''}}, {}, False),
 'testpackage-zstd': Package('testpackage-zstd', {'1.0-1': Tar('testpackage-zstd-1.0-1.tar.zst', 'x86/release/testpackage-zstd', '044066c54c036190f9b0496ccf31f74748d209cce961352e19631876d5abd79ef6d2b34edfb955b8d1a7a781294ee0636bb1305afe410b34562367a2cb77988d', 98, False)}, {'1.0-1': {'category': 'Base',
           'sdesc': '"test package (zstd compressed)"',
           'ldesc': '"test package (zstd compressed)"',
           'depends': ''}}, {}, False),
 'testpackage-zstd-src': Package('testpackage-zstd', {'1.0-1': Tar('testpackage-zstd-1.0-1-src.tar.zst', 'x86/release/testpackage-zstd', '90561ec4dad76268773856cbdda891b0e7b53f26492777f1ff76757844cb47124396feb76f1e30bc1baa680f1d788de21d89e612faeb30b5039b210ca9186434', 313, False)}, {'1.0-1': {'category': 'Base',
           'build-depends': 'cygport',
           'sdesc': '"test package (zstd compressed)"',
           'ldesc': '"test package (zstd compressed)"',
           'homepage': 'http://zstd.testpkg.invalid',
           'skip': '',
           'parse-warnings': ["key 'license' missing"],
           'depends': ''}}, {}, False),
 'testpackage2-subpackage': Package('testpackage2/testpackage2-subpackage', {'1.0-1': Tar('testpackage2-subpackage-1.0-1.tar.bz2', 'x86/release/testpackage2/testpackage2-subpackage', 'c4bf8e28d71b532e2b741e2931906dec0f0a70d4d051c0503476f864a5228f43765ae3342aafcebfd5a1738073537726b2bfbbd89c6da939a5f46d95aca3feaf', 46, True)}, {'1.0-1': {'sdesc': '"A test subpackage 2"',
           'ldesc': '"A test subpackage 2"',
           'category': 'Devel',
           'depends': ''}}, {}, False)}
