{'.': ['calm.db', 'packages.inc', 'src_packages.inc'],
 'summary': ['arc-src.html',
             'arc.html',
             'base-cygwin.html',
             'corrupt-src.html',
             'corrupt.html',
             'cygwin-debuginfo.html',
             'cygwin-devel.html',
             'cygwin-src.html',
             'cygwin.html',
             'keychain-src.html',
             'keychain.html',
             'libdns_sd-devel.html',
             'libdns_sd1.html',
             'mDNSResponder-src.html',
             'mDNSResponder.html',
             'obs-a-src.html',
             'obs-a.html',
             'obs-b-src.html',
             'obs-b.html',
             'openssh-src.html',
             'openssh.html',
             'per-version-replacement-hint-only-src.html',
             'per-version-replacement-hint-only.html',
             'per-version-src.html',
             'per-version.html',
             'perl-Net-SMTP-SSL-src.html',
             'perl-Net-SMTP-SSL.html',
             'rpm-doc-src.html',
             'rpm-doc.html',
             'staleversion-src.html',
             'staleversion.html',
             'test-c-src.html',
             'test-c.html',
             'test-d-src.html',
             'test-d.html',
             'test-e-src.html',
             'test-e.html',
             'testpackage-src.html',
             'testpackage-subpackage.html',
             'testpackage.html'],
 'x86': ['.htaccess'],
 'x86/obs-a': ['.htaccess', 'obs-a-1.0-1'],
 'x86/obs-a-src': ['.htaccess', 'obs-a-1.0-1-src'],
 'x86/obs-b': ['.htaccess', 'obs-b-1.0-1'],
 'x86/obs-b-src': ['.htaccess', 'obs-b-1.0-1-src'],
 'x86/perl-Net-SMTP-SSL': ['.htaccess',
                           'perl-Net-SMTP-SSL-1.02-1',
                           'perl-Net-SMTP-SSL-1.03-1',
                           'perl-Net-SMTP-SSL-1.03-2'],
 'x86/perl-Net-SMTP-SSL-src': ['.htaccess',
                               'perl-Net-SMTP-SSL-1.02-1-src',
                               'perl-Net-SMTP-SSL-1.03-1-src',
                               'perl-Net-SMTP-SSL-1.03-2-src'],
 'x86/test-c': ['.htaccess', 'test-c-1.0-1'],
 'x86/test-c-src': ['.htaccess', 'test-c-1.0-1-src'],
 'x86/test-d': ['.htaccess', 'test-d-1.0-1'],
 'x86/test-d-src': ['.htaccess', 'test-d-1.0-1-src'],
 'x86/test-e': ['.htaccess', 'test-e-1.0-1'],
 'x86/test-e-src': ['.htaccess', 'test-e-1.0-1-src'],
 'x86_64': ['.htaccess'],
 'x86_64/arc': ['.htaccess', 'arc-4.32.7-10'],
 'x86_64/arc-src': ['.htaccess', 'arc-4.32.7-10-src'],
 'x86_64/base-cygwin': ['.htaccess', 'base-cygwin-3.6-1', 'base-cygwin-3.8-1'],
 'x86_64/corrupt': ['.htaccess', 'corrupt-2.0.0-1'],
 'x86_64/corrupt-src': ['.htaccess', 'corrupt-2.0.0-1-src'],
 'x86_64/cygwin': ['.htaccess', 'cygwin-2.2.0-1', 'cygwin-2.2.1-1', 'cygwin-2.3.0-0.3'],
 'x86_64/cygwin-debuginfo': ['.htaccess',
                             'cygwin-debuginfo-2.2.0-1',
                             'cygwin-debuginfo-2.2.1-1',
                             'cygwin-debuginfo-2.3.0-0.3'],
 'x86_64/cygwin-devel': ['.htaccess', 'cygwin-devel-2.2.0-1', 'cygwin-devel-2.2.1-1', 'cygwin-devel-2.3.0-0.3'],
 'x86_64/cygwin-src': ['.htaccess', 'cygwin-2.2.0-1-src', 'cygwin-2.2.1-1-src', 'cygwin-2.3.0-0.3-src'],
 'x86_64/keychain': ['.htaccess', 'keychain-2.6.8-1', 'keychain-2.7.1-1'],
 'x86_64/keychain-src': ['.htaccess', 'keychain-2.6.8-1-src', 'keychain-2.7.1-1-src'],
 'x86_64/libdns_sd-devel': ['.htaccess', 'libdns_sd-devel-379.32.1-1'],
 'x86_64/libdns_sd1': ['.htaccess', 'libdns_sd1-379.32.1-1'],
 'x86_64/mDNSResponder': ['.htaccess', 'mDNSResponder-379.32.1-1'],
 'x86_64/mDNSResponder-src': ['.htaccess', 'mDNSResponder-379.32.1-1-src'],
 'x86_64/obs-a': ['.htaccess', 'obs-a-1.0-1'],
 'x86_64/obs-a-src': ['.htaccess', 'obs-a-1.0-1-src'],
 'x86_64/obs-b': ['.htaccess', 'obs-b-1.0-1'],
 'x86_64/obs-b-src': ['.htaccess', 'obs-b-1.0-1-src'],
 'x86_64/openssh': ['.htaccess', 'openssh-7.2p2-1'],
 'x86_64/openssh-src': ['.htaccess', 'openssh-7.2p2-1-src'],
 'x86_64/per-version': ['.htaccess', 'per-version-4.0-1', 'per-version-4.8-1', 'per-version-5.0-1'],
 'x86_64/per-version-replacement-hint-only': ['.htaccess', 'per-version-replacement-hint-only-1.0-1'],
 'x86_64/per-version-replacement-hint-only-src': ['.htaccess', 'per-version-replacement-hint-only-1.0-1-src'],
 'x86_64/per-version-src': ['.htaccess', 'per-version-4.0-1-src', 'per-version-4.8-1-src', 'per-version-5.0-1-src'],
 'x86_64/perl-Net-SMTP-SSL': ['.htaccess',
                              'perl-Net-SMTP-SSL-1.02-1',
                              'perl-Net-SMTP-SSL-1.03-1',
                              'perl-Net-SMTP-SSL-1.03-2'],
 'x86_64/perl-Net-SMTP-SSL-src': ['.htaccess',
                                  'perl-Net-SMTP-SSL-1.02-1-src',
                                  'perl-Net-SMTP-SSL-1.03-1-src',
                                  'perl-Net-SMTP-SSL-1.03-2-src'],
 'x86_64/rpm-doc': ['.htaccess', 'rpm-doc-4.1-2', 'rpm-doc-999-1'],
 'x86_64/rpm-doc-src': ['.htaccess', 'rpm-doc-4.1-2-src'],
 'x86_64/staleversion': ['.htaccess', 'staleversion-243-0', 'staleversion-250-0', 'staleversion-260-0'],
 'x86_64/staleversion-src': ['.htaccess', 'staleversion-243-0-src', 'staleversion-250-0-src', 'staleversion-260-0-src'],
 'x86_64/test-c': ['.htaccess', 'test-c-1.0-1'],
 'x86_64/test-c-src': ['.htaccess', 'test-c-1.0-1-src'],
 'x86_64/test-d': ['.htaccess', 'test-d-1.0-1'],
 'x86_64/test-d-src': ['.htaccess', 'test-d-1.0-1-src'],
 'x86_64/test-e': ['.htaccess', 'test-e-1.0-1'],
 'x86_64/test-e-src': ['.htaccess', 'test-e-1.0-1-src'],
 'x86_64/testpackage': ['.htaccess', 'testpackage-1.0-1'],
 'x86_64/testpackage-src': ['.htaccess', 'testpackage-1.0-1-src'],
 'x86_64/testpackage-subpackage': ['.htaccess', 'testpackage-subpackage-1.0-1']}
