{'.': ['calm.db', 'packages.inc', 'packages_docs.inc', 'reports_list.inc', 'src_packages.inc'],
 'doc': ['.htaccess'],
 'doc/keychain': ['keychain.README'],
 'noarch': ['.htaccess'],
 'noarch/obs-a': ['.htaccess', 'obs-a-1.0-1'],
 'noarch/obs-b': ['.htaccess', 'obs-b-1.0-1'],
 'noarch/perl-Net-SMTP-SSL': ['.htaccess',
                              'perl-Net-SMTP-SSL-1.02-1',
                              'perl-Net-SMTP-SSL-1.03-1',
                              'perl-Net-SMTP-SSL-1.03-2'],
 'noarch/test-c': ['.htaccess', 'test-c-1.0-1'],
 'noarch/test-d': ['.htaccess', 'test-d-1.0.42590-1'],
 'noarch/test-e': ['.htaccess', 'test-e-1.0-1'],
 'reports': ['deprecated_so.html',
             'maintainer_aaron_schneider.html',
             'maintainer_achim_gratz.html',
             'maintainer_activity.html',
             'maintainer_adam_dinwoodie.html',
             'maintainer_alexey_sokolov.html',
             'maintainer_andrew_schulman.html',
             'maintainer_blooey_mcfooey.html',
             'maintainer_bob_heckel.html',
             'maintainer_charles_wilson.html',
             'maintainer_chris_j__breisch.html',
             'maintainer_chris_leblanc.html',
             'maintainer_chris_sutcliffe.html',
             'maintainer_christian_franke.html',
             'maintainer_christian_kellermann.html',
             'maintainer_corinna_vinschen.html',
             'maintainer_damien_doligez.html',
             'maintainer_daniel_boland.html',
             'maintainer_dave_kilroy.html',
             'maintainer_david_levine.html',
             'maintainer_david_rothenberger.html',
             'maintainer_david_stacey.html',
             'maintainer_dean_scarff.html',
             'maintainer_dr__volker_zell.html',
             'maintainer_eric_blake.html',
             'maintainer_erwin_waterlander.html',
             'maintainer_federico_hernandez.html',
             'maintainer_frank_fesevur.html',
             'maintainer_gernot_hillier.html',
             'maintainer_harold_l_hunt_ii.html',
             'maintainer_jan_nijtmans.html',
             'maintainer_jari_aalto.html',
             'maintainer_joe_linoff.html',
             'maintainer_joel_johnson.html',
             'maintainer_jon_turney.html',
             'maintainer_jonathan_c__allen.html',
             'maintainer_jonathan_yong.html',
             'maintainer_jorge_diaz.html',
             'maintainer_ken_brown.html',
             'maintainer_klaus_grue.html',
             'maintainer_kostya_altukhov.html',
             'maintainer_marcel_telka.html',
             'maintainer_marco_atzeri.html',
             'maintainer_marcos_vives_del_sol.html',
             'maintainer_mark_hessling.html',
             'maintainer_michael_wild.html',
             'maintainer_mike_depaulo.html',
             'maintainer_mikhail_usenko.html',
             'maintainer_orphaned.html',
             'maintainer_pavel_fedin.html',
             'maintainer_peter_a__castro.html',
             'maintainer_peter_rosin.html',
             'maintainer_pierre_a__humblet.html',
             'maintainer_reini_urban.html',
             'maintainer_sam_robb.html',
             'maintainer_sebastien_helleu.html',
             'maintainer_serge_lamikhov-center.html',
             'maintainer_steven_monai.html',
             'maintainer_stuart_caie.html',
             'maintainer_teun_burgers.html',
             'maintainer_thomas_wolff.html',
             'maintainer_tony_kelman.html',
             'maintainer_warren_young.html',
             'maintainer_wei-ren_chen.html',
             'maintainer_william_a__hoffman.html',
             'maintainer_yaakov_selkowitz.html',
             'maintainer_yitzchak_scott-thoennes.html',
             'maintainer_yue_ren.html',
             'perl_rebuilds.html',
             'php_rebuilds.html',
             'ruby_rebuilds.html',
             'unmaintained.html',
             'unstable.html'],
 'src': ['.htaccess'],
 'src/arc-src': ['.htaccess', 'arc-4.32.7-10-src'],
 'src/corrupt-src': ['.htaccess', 'corrupt-2.0.0-1-src'],
 'src/cygwin-src': ['.htaccess', 'cygwin-2.2.0-1-src', 'cygwin-2.2.1-1-src', 'cygwin-2.3.0-0.3-src'],
 'src/keychain-src': ['.htaccess', 'keychain-2.6.8-1-src', 'keychain-2.7.1-1-src'],
 'src/mDNSResponder-src': ['.htaccess', 'mDNSResponder-379.32.1-1-src'],
 'src/obs-a-src': ['.htaccess', 'obs-a-1.0-1-src'],
 'src/obs-b-src': ['.htaccess', 'obs-b-1.0-1-src'],
 'src/openssh-src': ['.htaccess', 'openssh-7.2p2-1-src'],
 'src/per-version-replacement-hint-only-src': ['.htaccess', 'per-version-replacement-hint-only-1.0-1-src'],
 'src/per-version-src': ['.htaccess', 'per-version-4.0-1-src', 'per-version-4.8-1-src', 'per-version-5.0-1-src'],
 'src/perl-Net-SMTP-SSL-src': ['.htaccess',
                               'perl-Net-SMTP-SSL-1.02-1-src',
                               'perl-Net-SMTP-SSL-1.03-1-src',
                               'perl-Net-SMTP-SSL-1.03-2-src'],
 'src/staleversion-src': ['.htaccess', 'staleversion-243-0-src', 'staleversion-250-0-src', 'staleversion-260-0-src'],
 'src/test-c-src': ['.htaccess', 'test-c-1.0-1-src'],
 'src/test-d-src': ['.htaccess', 'test-d-1.0.42590-1-src'],
 'src/test-e-src': ['.htaccess', 'test-e-1.0-1-src'],
 'src/testpackage-src': ['.htaccess', 'testpackage-1.0-1-src'],
 'summary': ['arc-src.html',
             'arc.html',
             'base-cygwin.html',
             'corrupt-src.html',
             'corrupt.html',
             'cygwin-debuginfo.html',
             'cygwin-devel.html',
             'cygwin-src.html',
             'cygwin.html',
             'keychain-src.html',
             'keychain.html',
             'libdns_sd-devel.html',
             'libdns_sd1.html',
             'mDNSResponder-src.html',
             'mDNSResponder.html',
             'obs-a-src.html',
             'obs-a.html',
             'obs-b-src.html',
             'obs-b.html',
             'openssh-src.html',
             'openssh.html',
             'per-version-replacement-hint-only-src.html',
             'per-version-replacement-hint-only.html',
             'per-version-src.html',
             'per-version.html',
             'perl-Net-SMTP-SSL-src.html',
             'perl-Net-SMTP-SSL.html',
             'rpm-doc.html',
             'staleversion-src.html',
             'staleversion.html',
             'test-c-src.html',
             'test-c.html',
             'test-d-src.html',
             'test-d.html',
             'test-e-src.html',
             'test-e.html',
             'testpackage-src.html',
             'testpackage-subpackage.html',
             'testpackage.html'],
 'x86_64': ['.htaccess'],
 'x86_64/arc': ['.htaccess', 'arc-4.32.7-10'],
 'x86_64/base-cygwin': ['.htaccess', 'base-cygwin-3.6-1', 'base-cygwin-3.8-1'],
 'x86_64/corrupt': ['.htaccess', 'corrupt-2.0.0-1'],
 'x86_64/cygwin': ['.htaccess', 'cygwin-2.2.0-1', 'cygwin-2.2.1-1', 'cygwin-2.3.0-0.3'],
 'x86_64/cygwin-debuginfo': ['.htaccess',
                             'cygwin-debuginfo-2.2.0-1',
                             'cygwin-debuginfo-2.2.1-1',
                             'cygwin-debuginfo-2.3.0-0.3'],
 'x86_64/cygwin-devel': ['.htaccess', 'cygwin-devel-2.2.0-1', 'cygwin-devel-2.2.1-1', 'cygwin-devel-2.3.0-0.3'],
 'x86_64/keychain': ['.htaccess', 'keychain-2.6.8-1', 'keychain-2.7.1-1'],
 'x86_64/libdns_sd-devel': ['.htaccess', 'libdns_sd-devel-379.32.1-1'],
 'x86_64/libdns_sd1': ['.htaccess', 'libdns_sd1-379.32.1-1'],
 'x86_64/mDNSResponder': ['.htaccess', 'mDNSResponder-379.32.1-1'],
 'x86_64/openssh': ['.htaccess', 'openssh-7.2p2-1'],
 'x86_64/per-version': ['.htaccess', 'per-version-4.0-1', 'per-version-4.8-1', 'per-version-5.0-1'],
 'x86_64/per-version-replacement-hint-only': ['.htaccess', 'per-version-replacement-hint-only-1.0-1'],
 'x86_64/rpm-doc': ['.htaccess', 'rpm-doc-999-1'],
 'x86_64/staleversion': ['.htaccess', 'staleversion-243-0', 'staleversion-250-0', 'staleversion-260-0'],
 'x86_64/testpackage': ['.htaccess', 'testpackage-1.0-1'],
 'x86_64/testpackage-subpackage': ['.htaccess', 'testpackage-subpackage-1.0-1']}
