('{\n'
 '    "num_packages": 17,\n'
 '    "packages": [\n'
 '        {\n'
 '            "arches": [\n'
 '                "x86_64"\n'
 '            ],\n'
 '            "maintainers": [\n'
 '                "Jari Aalto"\n'
 '            ],\n'
 '            "name": "arc",\n'
 '            "subpackages": [\n'
 '                {\n'
 '                    "categories": [\n'
 '                        "Archive"\n'
 '                    ],\n'
 '                    "name": "arc"\n'
 '                }\n'
 '            ],\n'
 '            "summary": "The ARC archive utility",\n'
 '            "versions": {\n'
 '                "stable": [\n'
 '                    "4.32.7-10"\n'
 '                ]\n'
 '            }\n'
 '        },\n'
 '        {\n'
 '            "arches": [\n'
 '                "x86_64"\n'
 '            ],\n'
 '            "maintainers": [\n'
 '                "Blooey McFooey"\n'
 '            ],\n'
 '            "name": "corrupt",\n'
 '            "subpackages": [\n'
 '                {\n'
 '                    "categories": [\n'
 '                        "Devel"\n'
 '                    ],\n'
 '                    "name": "corrupt"\n'
 '                }\n'
 '            ],\n'
 '            "summary": "A corrupt package",\n'
 '            "versions": {\n'
 '                "stable": [\n'
 '                    "2.0.0-1"\n'
 '                ]\n'
 '            }\n'
 '        },\n'
 '        {\n'
 '            "arches": [\n'
 '                "x86_64"\n'
 '            ],\n'
 '            "license": "LGPL-3.0-or-later WITH LGPL-3.0-linking-exception",\n'
 '            "maintainers": [\n'
 '                "Corinna Vinschen",\n'
 '                "Yaakov Selkowitz"\n'
 '            ],\n'
 '            "name": "cygwin",\n'
 '            "subpackages": [\n'
 '                {\n'
 '                    "categories": [\n'
 '                        "Base"\n'
 '                    ],\n'
 '                    "name": "cygwin"\n'
 '                },\n'
 '                {\n'
 '                    "categories": [\n'
 '                        "Debug"\n'
 '                    ],\n'
 '                    "name": "cygwin-debuginfo"\n'
 '                },\n'
 '                {\n'
 '                    "categories": [\n'
 '                        "Devel"\n'
 '                    ],\n'
 '                    "name": "cygwin-devel"\n'
 '                }\n'
 '            ],\n'
 '            "summary": "The UNIX emulation engine",\n'
 '            "versions": {\n'
 '                "stable": [\n'
 '                    "2.2.0-1",\n'
 '                    "2.2.1-1"\n'
 '                ],\n'
 '                "test": [\n'
 '                    "2.3.0-0.3"\n'
 '                ]\n'
 '            }\n'
 '        },\n'
 '        {\n'
 '            "arches": [\n'
 '                "x86_64"\n'
 '            ],\n'
 '            "maintainers": [\n'
 '                "Jari Aalto"\n'
 '            ],\n'
 '            "name": "keychain",\n'
 '            "subpackages": [\n'
 '                {\n'
 '                    "categories": [\n'
 '                        "Utils"\n'
 '                    ],\n'
 '                    "name": "keychain"\n'
 '                }\n'
 '            ],\n'
 '            "summary": "Key manager for OpenSSH",\n'
 '            "versions": {\n'
 '                "stable": [\n'
 '                    "2.6.8-1",\n'
 '                    "2.7.1-1"\n'
 '                ]\n'
 '            }\n'
 '        },\n'
 '        {\n'
 '            "arches": [\n'
 '                "x86_64"\n'
 '            ],\n'
 '            "maintainers": [\n'
 '                "Yaakov Selkowitz"\n'
 '            ],\n'
 '            "name": "mDNSResponder",\n'
 '            "subpackages": [\n'
 '                {\n'
 '                    "categories": [\n'
 '                        "Net"\n'
 '                    ],\n'
 '                    "name": "libdns_sd-devel"\n'
 '                },\n'
 '                {\n'
 '                    "categories": [\n'
 '                        "Net"\n'
 '                    ],\n'
 '                    "name": "libdns_sd1"\n'
 '                },\n'
 '                {\n'
 '                    "categories": [\n'
 '                        "Net"\n'
 '                    ],\n'
 '                    "name": "mDNSResponder"\n'
 '                }\n'
 '            ],\n'
 '            "summary": "Bonjour Zeroconf implementation",\n'
 '            "versions": {\n'
 '                "stable": [\n'
 '                    "379.32.1-1"\n'
 '                ]\n'
 '            }\n'
 '        },\n'
 '        {\n'
 '            "arches": [\n'
 '                "x86_64"\n'
 '            ],\n'
 '            "name": "obs-a",\n'
 '            "subpackages": [\n'
 '                {\n'
 '                    "categories": [\n'
 '                        "Devel"\n'
 '                    ],\n'
 '                    "name": "obs-a"\n'
 '                }\n'
 '            ],\n'
 '            "summary": "obsolete package A",\n'
 '            "versions": {\n'
 '                "stable": [\n'
 '                    "1.0-1"\n'
 '                ]\n'
 '            }\n'
 '        },\n'
 '        {\n'
 '            "arches": [\n'
 '                "x86_64"\n'
 '            ],\n'
 '            "name": "obs-b",\n'
 '            "subpackages": [\n'
 '                {\n'
 '                    "categories": [\n'
 '                        "Devel"\n'
 '                    ],\n'
 '                    "name": "obs-b"\n'
 '                }\n'
 '            ],\n'
 '            "summary": "obsolete package B",\n'
 '            "versions": {\n'
 '                "stable": [\n'
 '                    "1.0-1"\n'
 '                ]\n'
 '            }\n'
 '        },\n'
 '        {\n'
 '            "arches": [\n'
 '                "x86_64"\n'
 '            ],\n'
 '            "maintainers": [\n'
 '                "Corinna Vinschen"\n'
 '            ],\n'
 '            "name": "openssh",\n'
 '            "subpackages": [\n'
 '                {\n'
 '                    "categories": [\n'
 '                        "Net"\n'
 '                    ],\n'
 '                    "name": "openssh"\n'
 '                }\n'
 '            ],\n'
 '            "summary": "The OpenSSH server and client programs",\n'
 '            "versions": {\n'
 '                "stable": [\n'
 '                    "7.2p2-1"\n'
 '                ]\n'
 '            }\n'
 '        },\n'
 '        {\n'
 '            "arches": [\n'
 '                "x86_64"\n'
 '            ],\n'
 '            "maintainers": [\n'
 '                "Blooey McFooey"\n'
 '            ],\n'
 '            "name": "per-version-replacement-hint-only",\n'
 '            "subpackages": [\n'
 '                {\n'
 '                    "categories": [\n'
 '                        "Base"\n'
 '                    ],\n'
 '                    "name": "per-version-replacement-hint-only"\n'
 '                }\n'
 '            ],\n'
 '            "summary": "Per-version hint test package",\n'
 '            "versions": {\n'
 '                "stable": [\n'
 '                    "1.0-1"\n'
 '                ]\n'
 '            }\n'
 '        },\n'
 '        {\n'
 '            "arches": [\n'
 '                "x86_64"\n'
 '            ],\n'
 '            "maintainers": [\n'
 '                "Blooey McFooey"\n'
 '            ],\n'
 '            "name": "per-version",\n'
 '            "subpackages": [\n'
 '                {\n'
 '                    "categories": [\n'
 '                        "Base"\n'
 '                    ],\n'
 '                    "name": "per-version"\n'
 '                }\n'
 '            ],\n'
 '            "summary": "Per-version hint test package",\n'
 '            "versions": {\n'
 '                "stable": [\n'
 '                    "4.0-1",\n'
 '                    "4.8-1"\n'
 '                ],\n'
 '                "test": [\n'
 '                    "5.0-1"\n'
 '                ]\n'
 '            }\n'
 '        },\n'
 '        {\n'
 '            "arches": [\n'
 '                "x86_64"\n'
 '            ],\n'
 '            "homepage": "https://metacpan.org/release/RJBS/Net-SMTP-SSL-1.04",\n'
 '            "maintainers": [\n'
 '                "Blooey McFooey",\n'
 '                "Yaakov Selkowitz"\n'
 '            ],\n'
 '            "name": "perl-Net-SMTP-SSL",\n'
 '            "subpackages": [\n'
 '                {\n'
 '                    "categories": [\n'
 '                        "Perl"\n'
 '                    ],\n'
 '                    "name": "perl-Net-SMTP-SSL"\n'
 '                }\n'
 '            ],\n'
 '            "summary": "Perl distribution Net-SMTP-SSL",\n'
 '            "versions": {\n'
 '                "stable": [\n'
 '                    "1.02-1",\n'
 '                    "1.03-1",\n'
 '                    "1.03-2"\n'
 '                ]\n'
 '            }\n'
 '        },\n'
 '        {\n'
 '            "arches": [\n'
 '                "x86_64"\n'
 '            ],\n'
 '            "name": "rpm-doc",\n'
 '            "subpackages": [\n'
 '                {\n'
 '                    "categories": [\n'
 '                        "_obsolete"\n'
 '                    ],\n'
 '                    "name": "rpm-doc"\n'
 '                }\n'
 '            ],\n'
 '            "summary": "Obsolete package for RPM package management system manual pages (extra text to so repr is '
 'not one line)",\n'
 '            "versions": {\n'
 '                "stable": [\n'
 '                    "4.1-2"\n'
 '                ]\n'
 '            }\n'
 '        },\n'
 '        {\n'
 '            "arches": [\n'
 '                "x86_64"\n'
 '            ],\n'
 '            "maintainers": [\n'
 '                "Blooey McFooey"\n'
 '            ],\n'
 '            "name": "staleversion",\n'
 '            "subpackages": [\n'
 '                {\n'
 '                    "categories": [\n'
 '                        "Shells",\n'
 '                        "Base"\n'
 '                    ],\n'
 '                    "name": "staleversion"\n'
 '                }\n'
 '            ],\n'
 '            "summary": "Test package for stale version removal",\n'
 '            "versions": {\n'
 '                "stable": [\n'
 '                    "243-0",\n'
 '                    "250-0"\n'
 '                ],\n'
 '                "test": [\n'
 '                    "260-0"\n'
 '                ]\n'
 '            }\n'
 '        },\n'
 '        {\n'
 '            "arches": [\n'
 '                "x86_64"\n'
 '            ],\n'
 '            "name": "test-c",\n'
 '            "subpackages": [\n'
 '                {\n'
 '                    "categories": [\n'
 '                        "Devel"\n'
 '                    ],\n'
 '                    "name": "test-c"\n'
 '                }\n'
 '            ],\n'
 '            "summary": "test package C",\n'
 '            "versions": {\n'
 '                "stable": [\n'
 '                    "1.0-1"\n'
 '                ]\n'
 '            }\n'
 '        },\n'
 '        {\n'
 '            "arches": [\n'
 '                "x86_64"\n'
 '            ],\n'
 '            "name": "test-d",\n'
 '            "subpackages": [\n'
 '                {\n'
 '                    "categories": [\n'
 '                        "Devel"\n'
 '                    ],\n'
 '                    "name": "test-d"\n'
 '                }\n'
 '            ],\n'
 '            "summary": "test package D",\n'
 '            "versions": {\n'
 '                "stable": [\n'
 '                    "1.0.42590-1"\n'
 '                ]\n'
 '            }\n'
 '        },\n'
 '        {\n'
 '            "arches": [\n'
 '                "x86_64"\n'
 '            ],\n'
 '            "name": "test-e",\n'
 '            "subpackages": [\n'
 '                {\n'
 '                    "categories": [\n'
 '                        "Devel"\n'
 '                    ],\n'
 '                    "name": "test-e"\n'
 '                }\n'
 '            ],\n'
 '            "summary": "test package E",\n'
 '            "versions": {\n'
 '                "stable": [\n'
 '                    "1.0-1"\n'
 '                ]\n'
 '            }\n'
 '        },\n'
 '        {\n'
 '            "arches": [\n'
 '                "x86_64"\n'
 '            ],\n'
 '            "homepage": "http://homepage.url",\n'
 '            "maintainers": [\n'
 '                "Blooey McFooey"\n'
 '            ],\n'
 '            "name": "testpackage",\n'
 '            "subpackages": [\n'
 '                {\n'
 '                    "categories": [\n'
 '                        "Devel"\n'
 '                    ],\n'
 '                    "name": "testpackage"\n'
 '                },\n'
 '                {\n'
 '                    "categories": [\n'
 '                        "Devel"\n'
 '                    ],\n'
 '                    "name": "testpackage-subpackage"\n'
 '                }\n'
 '            ],\n'
 '            "summary": "A test package",\n'
 '            "versions": {\n'
 '                "stable": [\n'
 '                    "1.0-1"\n'
 '                ]\n'
 '            }\n'
 '        }\n'
 '    ],\n'
 '    "repository_name": "trial"\n'
 '}')
