{'.': ['setup.ini'],
 'noarch': ['sha512.sum'],
 'noarch/release': ['sha512.sum'],
 'noarch/release/obs-a': ['obs-a-1.0-1-src.hint',
                          'obs-a-1.0-1-src.tar.xz',
                          'obs-a-1.0-1.hint',
                          'obs-a-1.0-1.tar.xz',
                          'sha512.sum'],
 'noarch/release/obs-b': ['obs-b-1.0-1-src.hint',
                          'obs-b-1.0-1-src.tar.xz',
                          'obs-b-1.0-1.hint',
                          'obs-b-1.0-1.tar.xz',
                          'sha512.sum'],
 'noarch/release/perl-Net-SMTP-SSL': ['perl-Net-SMTP-SSL-1.02-1-src.hint',
                                      'perl-Net-SMTP-SSL-1.02-1-src.tar.xz',
                                      'perl-Net-SMTP-SSL-1.02-1.hint',
                                      'perl-Net-SMTP-SSL-1.02-1.tar.xz',
                                      'perl-Net-SMTP-SSL-1.03-1-src.hint',
                                      'perl-Net-SMTP-SSL-1.03-1-src.tar.xz',
                                      'perl-Net-SMTP-SSL-1.03-1.hint',
                                      'perl-Net-SMTP-SSL-1.03-1.tar.xz',
                                      'perl-Net-SMTP-SSL-1.03-2-src.hint',
                                      'perl-Net-SMTP-SSL-1.03-2-src.tar.xz',
                                      'perl-Net-SMTP-SSL-1.03-2.hint',
                                      'perl-Net-SMTP-SSL-1.03-2.tar.xz',
                                      'sha512.sum'],
 'noarch/release/test-c': ['sha512.sum',
                           'test-c-1.0-1-src.hint',
                           'test-c-1.0-1-src.tar.xz',
                           'test-c-1.0-1.hint',
                           'test-c-1.0-1.tar.xz'],
 'noarch/release/test-d': ['sha512.sum',
                           'test-d-1.0-1-src.hint',
                           'test-d-1.0-1-src.tar.xz',
                           'test-d-1.0-1.hint',
                           'test-d-1.0-1.tar.xz'],
 'noarch/release/test-e': ['sha512.sum',
                           'test-e-1.0-1-src.hint',
                           'test-e-1.0-1-src.tar.xz',
                           'test-e-1.0-1.hint',
                           'test-e-1.0-1.tar.xz'],
 'x86_64': ['sha512.sum'],
 'x86_64/release': ['sha512.sum'],
 'x86_64/release/arc': ['arc-4.32.7-10-src.hint',
                        'arc-4.32.7-10-src.tar.bz2',
                        'arc-4.32.7-10.hint',
                        'arc-4.32.7-10.tar.bz2'],
 'x86_64/release/base-cygwin': ['base-cygwin-3.6-1.hint',
                                'base-cygwin-3.6-1.tar.xz',
                                'base-cygwin-3.8-1.hint',
                                'base-cygwin-3.8-1.tar.xz',
                                'sha512.sum'],
 'x86_64/release/corrupt': ['corrupt-2.0.0-1-src.hint',
                            'corrupt-2.0.0-1-src.tar.xz',
                            'corrupt-2.0.0-1.hint',
                            'corrupt-2.0.0-1.tar.xz',
                            'sha512.sum'],
 'x86_64/release/cygwin': ['.this-should-be-ignored',
                           'cygwin-2.2.0-1-src.hint',
                           'cygwin-2.2.0-1-src.tar.xz',
                           'cygwin-2.2.0-1.hint',
                           'cygwin-2.2.0-1.tar.xz',
                           'cygwin-2.2.1-1-src.hint',
                           'cygwin-2.2.1-1-src.tar.xz',
                           'cygwin-2.2.1-1.hint',
                           'cygwin-2.2.1-1.tar.xz',
                           'cygwin-2.3.0-0.3-src.hint',
                           'cygwin-2.3.0-0.3-src.tar.xz',
                           'cygwin-2.3.0-0.3.hint',
                           'cygwin-2.3.0-0.3.tar.xz',
                           'override.hint',
                           'sha512.sum'],
 'x86_64/release/cygwin/cygwin-debuginfo': ['cygwin-debuginfo-2.2.0-1.hint',
                                            'cygwin-debuginfo-2.2.0-1.tar.xz',
                                            'cygwin-debuginfo-2.2.1-1.hint',
                                            'cygwin-debuginfo-2.2.1-1.tar.xz',
                                            'cygwin-debuginfo-2.3.0-0.3.hint',
                                            'cygwin-debuginfo-2.3.0-0.3.tar.xz',
                                            'override.hint',
                                            'sha512.sum'],
 'x86_64/release/cygwin/cygwin-devel': ['cygwin-devel-2.2.0-1.hint',
                                        'cygwin-devel-2.2.0-1.tar.xz',
                                        'cygwin-devel-2.2.1-1.hint',
                                        'cygwin-devel-2.2.1-1.tar.xz',
                                        'cygwin-devel-2.3.0-0.3.hint',
                                        'cygwin-devel-2.3.0-0.3.tar.xz',
                                        'override.hint',
                                        'sha512.sum'],
 'x86_64/release/invalid': ['invalid-0.hint', 'sha512.sum'],
 'x86_64/release/keychain': ['keychain-2.6.8-1-src.hint',
                             'keychain-2.6.8-1-src.tar.bz2',
                             'keychain-2.6.8-1.hint',
                             'keychain-2.6.8-1.tar.bz2',
                             'keychain-2.7.1-1-src.hint',
                             'keychain-2.7.1-1-src.tar.bz2',
                             'keychain-2.7.1-1.hint',
                             'keychain-2.7.1-1.tar.bz2',
                             'sha512.sum'],
 'x86_64/release/libspiro': ['libspiro-20071029-1.hint', 'sha512.sum'],
 'x86_64/release/libspiro/libspiro-devel': ['libspiro-devel-20071029-1.hint', 'sha512.sum'],
 'x86_64/release/libspiro/libspiro0': ['libspiro0-20071029-1.hint', 'sha512.sum'],
 'x86_64/release/libtextcat': ['libtextcat-2.2-2-src.hint',
                               'libtextcat-2.2-2-src.tar.bz2',
                               'libtextcat-2.2-2.hint',
                               'libtextcat-2.2-2.tar.bz2',
                               'sha512.sum'],
 'x86_64/release/libtextcat/libtextcat-devel': ['libtextcat-devel-2.2-2.hint',
                                                'libtextcat-devel-2.2-2.tar.bz2',
                                                'sha512.sum'],
 'x86_64/release/libtextcat/libtextcat0': ['libtextcat0-2.2-2.hint', 'libtextcat0-2.2-2.tar.bz2', 'sha512.sum'],
 'x86_64/release/mDNSResponder': ['mDNSResponder-379.32.1-1-src.hint',
                                  'mDNSResponder-379.32.1-1-src.tar.bz2',
                                  'mDNSResponder-379.32.1-1.hint',
                                  'mDNSResponder-379.32.1-1.tar.bz2',
                                  'sha512.sum'],
 'x86_64/release/mDNSResponder/libdns_sd-devel': ['libdns_sd-devel-379.32.1-1.hint',
                                                  'libdns_sd-devel-379.32.1-1.tar.bz2',
                                                  'sha512.sum'],
 'x86_64/release/mDNSResponder/libdns_sd1': ['libdns_sd1-379.32.1-1.hint',
                                             'libdns_sd1-379.32.1-1.tar.bz2',
                                             'sha512.sum'],
 'x86_64/release/mingw64-i686-binutils': ['mingw64-i686-binutils-2.29.1.787c9873-1.hint', 'sha512.sum'],
 'x86_64/release/mingw64-i686-binutils/mingw64-i686-binutils-debuginfo': ['mingw64-i686-binutils-debuginfo-2.29.1.787c9873-1.hint',
                                                                          'sha512.sum'],
 'x86_64/release/openssh': ['openssh-7.2p2-1-src.hint',
                            'openssh-7.2p2-1-src.tar.xz',
                            'openssh-7.2p2-1.hint',
                            'openssh-7.2p2-1.tar.xz',
                            'sha512.sum'],
 'x86_64/release/per-version': ['override.hint',
                                'per-version-4.0-1-src.hint',
                                'per-version-4.0-1-src.tar.xz',
                                'per-version-4.0-1.hint',
                                'per-version-4.0-1.tar.xz',
                                'per-version-4.8-1-src.hint',
                                'per-version-4.8-1-src.tar.xz',
                                'per-version-4.8-1.hint',
                                'per-version-4.8-1.tar.xz',
                                'per-version-5.0-1-src.hint',
                                'per-version-5.0-1-src.tar.xz',
                                'per-version-5.0-1.hint',
                                'per-version-5.0-1.tar.xz',
                                'sha512.sum'],
 'x86_64/release/per-version-incomplete': ['override.hint',
                                           'per-version-incomplete-36-1-src.hint',
                                           'per-version-incomplete-36-1-src.tar.xz',
                                           'per-version-incomplete-36-1.hint',
                                           'per-version-incomplete-36-1.tar.xz',
                                           'per-version-incomplete-39-1-src.tar.xz',
                                           'per-version-incomplete-39-1.tar.xz',
                                           'sha512.sum'],
 'x86_64/release/per-version-replacement-hint-only': ['per-version-replacement-hint-only-1.0-1-src.hint',
                                                      'per-version-replacement-hint-only-1.0-1-src.tar.xz',
                                                      'per-version-replacement-hint-only-1.0-1.hint',
                                                      'per-version-replacement-hint-only-1.0-1.tar.xz',
                                                      'sha512.sum'],
 'x86_64/release/proj': ['proj-4.8.0-1.hint', 'sha512.sum'],
 'x86_64/release/proj/libproj-devel': ['libproj-devel-4.8.0-1.hint', 'sha512.sum'],
 'x86_64/release/proj/libproj1': ['libproj1-4.8.0-1.hint', 'sha512.sum'],
 'x86_64/release/rpm-doc': ['rpm-doc-999-1.hint', 'rpm-doc-999-1.tar.bz2', 'sha512.sum'],
 'x86_64/release/splint': ['sha512.sum', 'splint-3.1.2-1.hint'],
 'x86_64/release/staleversion': ['override.hint',
                                 'sha512.sum',
                                 'staleversion-243-0-src.hint',
                                 'staleversion-243-0-src.tar.xz',
                                 'staleversion-243-0.hint',
                                 'staleversion-243-0.tar.xz',
                                 'staleversion-250-0-src.hint',
                                 'staleversion-250-0-src.tar.xz',
                                 'staleversion-250-0.hint',
                                 'staleversion-250-0.tar.xz',
                                 'staleversion-260-0-src.hint',
                                 'staleversion-260-0-src.tar.xz',
                                 'staleversion-260-0.hint',
                                 'staleversion-260-0.tar.xz'],
 'x86_64/release/testpackage': ['sha512.sum',
                                'testpackage-1.0-1-src.hint',
                                'testpackage-1.0-1-src.tar.bz2',
                                'testpackage-1.0-1.hint',
                                'testpackage-1.0-1.tar.bz2'],
 'x86_64/release/testpackage/testpackage-subpackage': ['testpackage-subpackage-1.0-1.hint',
                                                       'testpackage-subpackage-1.0-1.tar.bz2']}
