{'.': [],
 'Blooey McFooey': [],
 'Blooey McFooey/x86_64': [],
 'Blooey McFooey/x86_64/release': [],
 'Blooey McFooey/x86_64/release/staleversion': ['staleversion-230-1-src.hint',
                                                'staleversion-230-1-src.hint.bak',
                                                'staleversion-230-1-src.tar.xz',
                                                'staleversion-230-1.hint',
                                                'staleversion-230-1.tar.xz']}
