{'.': [],
 'Blooey McFooey': [],
 'Blooey McFooey/x86': [],
 'Blooey McFooey/x86/release': [],
 'Blooey McFooey/x86/release/staleversion': ['staleversion-230-1-src.tar.xz',
                                             'staleversion-230-1.hint',
                                             'staleversion-230-1.tar.xz']}
